cargo :    Compiling nanokv v0.0.1 (E:\Dropbox\Projects\agememnon\nanokv)
At line:1 char:1
+ cargo build 2>&1 | Out-File -FilePath build_errors.txt; Get-Content b ...
+ ~~~~~~~~~~~~~~~~
    + CategoryInfo          : NotSpecified: (   Compiling na...ememnon\nanokv):String) [], RemoteException
    + FullyQualifiedErrorId : NativeCommandError
 
warning: unused import: `KeyBuf`
  --> src\table\btree\memory.rs:36:27
   |
36 | use crate::types::{Bound, KeyBuf, ObjectId, ScanBounds, ValueBuf};
   |                           ^^^^^^
   |
   = note: `#[warn(unused_imports)]` (part of `#[warn(unused)]`) on by default

warning: unused import: `crate::types::ValueRef`
    --> src\table\btree\paged.rs:1357:13
     |
1357 |         use crate::types::ValueRef;
     |             ^^^^^^^^^^^^^^^^^^^^^^

warning: unused import: `Bound`
  --> src\table\traits.rs:31:5
   |
31 |     Bound, CompressionKind, EncryptionKind, KeyBuf, KeyEncoding, MemoryPressure, ObjectId, ScanBounds, ValueBuf,
   |     ^^^^^

warning: use of deprecated trait `table::traits::TableEngine`: Use `SearchableTable` instead
  --> src\table.rs:42:64
   |
42 |     StatisticsProvider, Table, TableCapabilities, TableCursor, TableEngine, TableEngineKind, TableInfo,
   |                                                                ^^^^^^^^^^^
   |
   = note: `#[warn(deprecated)]` on by default

warning: use of deprecated trait `table::traits::TableEngine`: Use `SearchableTable` instead
   --> src\table\traits.rs:532:26
    |
532 | impl<T: SearchableTable> TableEngine for T {}
    |                          ^^^^^^^^^^^

error[E0782]: expected a type, found a trait
   --> src\txn\transaction.rs:316:34
    |
316 |                     let reader = Table::reader(btree.as_ref(), self.snapshot_lsn).map_err(|e| {
    |                                  ^^^^^
    |
help: you can add the `dyn` keyword if you want a trait object
    |
316 |                     let reader = <dyn Table>::reader(btree.as_ref(), self.snapshot_lsn).map_err(|e| {
    |                                  ++++      +

error[E0782]: expected a type, found a trait
   --> src\txn\transaction.rs:324:34
    |
324 |                     let reader = Table::reader(lsm.as_ref(), self.snapshot_lsn).map_err(|e| {
    |                                  ^^^^^
    |
help: you can add the `dyn` keyword if you want a trait object
    |
324 |                     let reader = <dyn Table>::reader(lsm.as_ref(), self.snapshot_lsn).map_err(|e| {
    |                                  ++++      +

error[E0782]: expected a type, found a trait
   --> src\txn\transaction.rs:332:34
    |
332 |                     let reader = Table::reader(mem.as_ref(), self.snapshot_lsn).map_err(|e| {
    |                                  ^^^^^
    |
help: you can add the `dyn` keyword if you want a trait object
    |
332 |                     let reader = <dyn Table>::reader(mem.as_ref(), self.snapshot_lsn).map_err(|e| {
    |                                  ++++      +

error[E0782]: expected a type, found a trait
   --> src\txn\transaction.rs:340:34
    |
340 |                     let reader = Table::reader(blob.as_ref(), self.snapshot_lsn).map_err(|e| {
    |                                  ^^^^^
    |
help: you can add the `dyn` keyword if you want a trait object
    |
340 |                     let reader = <dyn Table>::reader(blob.as_ref(), self.snapshot_lsn).map_err(|e| {
    |                                  ++++      +

error[E0782]: expected a type, found a trait
   --> src\txn\transaction.rs:434:29
    |
434 | ...                   Table::reader(btree.as_ref(), self.snapshot_lsn).map_err(|e| {
    |                       ^^^^^
    |
help: you can add the `dyn` keyword if you want a trait object
    |
434 |                             <dyn Table>::reader(btree.as_ref(), self.snapshot_lsn).map_err(|e| {
    |                             ++++      +

error[E0782]: expected a type, found a trait
   --> src\txn\transaction.rs:446:29
    |
446 | ...                   Table::reader(lsm.as_ref(), self.snapshot_lsn).map_err(|e| {
    |                       ^^^^^
    |
help: you can add the `dyn` keyword if you want a trait object
    |
446 |                             <dyn Table>::reader(lsm.as_ref(), self.snapshot_lsn).map_err(|e| {
    |                             ++++      +

error[E0782]: expected a type, found a trait
   --> src\txn\transaction.rs:455:29
    |
455 | ...                   Table::reader(mem.as_ref(), self.snapshot_lsn).map_err(|e| {
    |                       ^^^^^
    |
help: you can add the `dyn` keyword if you want a trait object
    |
455 |                             <dyn Table>::reader(mem.as_ref(), self.snapshot_lsn).map_err(|e| {
    |                             ++++      +

error[E0782]: expected a type, found a trait
   --> src\txn\transaction.rs:467:29
    |
467 | ...                   Table::reader(blob.as_ref(), self.snapshot_lsn).map_err(|e| {
    |                       ^^^^^
    |
help: you can add the `dyn` keyword if you want a trait object
    |
467 |                             <dyn Table>::reader(blob.as_ref(), self.snapshot_lsn).map_err(|e| {
    |                             ++++      +

error[E0782]: expected a type, found a trait
   --> src\txn\transaction.rs:599:42
    |
599 |                         let mut writer = Table::writer(
    |                                          ^^^^^
    |
help: you can add the `dyn` keyword if you want a trait object
    |
599 |                         let mut writer = <dyn Table>::writer(
    |                                          ++++      +

error[E0782]: expected a type, found a trait
   --> src\txn\transaction.rs:627:42
    |
627 |                         let mut writer = Table::writer(
    |                                          ^^^^^
    |
help: you can add the `dyn` keyword if you want a trait object
    |
627 |                         let mut writer = <dyn Table>::writer(
    |                                          ++++      +

error[E0782]: expected a type, found a trait
   --> src\txn\transaction.rs:655:29
    |
655 | ...                   Table::writer(mem.as_ref(), self.txn_id, self.snapshot_lsn).map_err(
    |                       ^^^^^
    |
help: you can add the `dyn` keyword if you want a trait object
    |
655 |                             <dyn Table>::writer(mem.as_ref(), self.txn_id, self.snapshot_lsn).map_err(
    |                             ++++      +

error[E0782]: expected a type, found a trait
   --> src\txn\transaction.rs:697:29
    |
697 | ...                   Table::writer(blob.as_ref(), self.txn_id, self.snapshot_lsn).map_err(
    |                       ^^^^^
    |
help: you can add the `dyn` keyword if you want a trait object
    |
697 |                             <dyn Table>::writer(blob.as_ref(), self.txn_id, self.snapshot_lsn).map_err(
    |                             ++++      +

warning: variable does not need to be mutable
   --> src\pager\pagefile.rs:158:13
    |
158 |         let mut free_list = FreeList::from_state(
    |             ----^^^^^^^^^
    |             |
    |             help: remove this `mut`
    |
    = note: `#[warn(unused_mut)]` (part of `#[warn(unused)]`) on by default

warning: variable `header` is assigned to, but never used
   --> src\pager\pagefile.rs:717:13
    |
717 |         let mut header = OverflowPageHeader::from_bytes(page.data())?;
    |             ^^^^^^^^^^
    |
    = note: consider using `_header` instead
    = note: `#[warn(unused_variables)]` (part of `#[warn(unused)]`) on by default

warning: value assigned to `header` is never read
   --> src\pager\pagefile.rs:720:9
    |
720 |         header.next_page_id = to_page_id.as_u64() as u32;
    |         ^^^^^^^^^^^^^^^^^^^^^^^^^^^^^^^^^^^^^^^^^^^^^^^^
    |
    = help: maybe it is overwritten before being read?
    = note: `#[warn(unused_assignments)]` (part of `#[warn(unused)]`) on by default

warning: variable does not need to be mutable
    --> src\table\btree\memory.rs:1047:13
     |
1047 |         let mut report = VerificationReport {
     |             ----^^^^^^
     |             |
     |             help: remove this `mut`

warning: unused variable: `output_files`
   --> src\table\lsm\compaction.rs:441:24
    |
441 |             if let Ok((output_files, bytes_read, bytes_written, keys_processed, keys_dropped)) =
    |                        ^^^^^^^^^^^^ help: if this is intentional, prefix it with an underscore: `_output_files`

warning: unused variable: `first_page`
   --> src\table\lsm\sstable.rs:974:13
    |
974 |         let first_page = pager.read_page(first_page_id)?;
    |             ^^^^^^^^^^ help: if this is intentional, prefix it with an underscore: `_first_page`

warning: value assigned to `footer_opt` is never read
   --> src\table\lsm\sstable.rs:986:53
    |
986 |         let mut footer_opt: Option<SStableFooter> = None;
    |                                                     ^^^^
    |
    = help: maybe it is overwritten before being read?

warning: value assigned to `current_page_offset` is never read
    --> src\table\lsm\sstable.rs:1630:13
     |
1630 |             current_page_offset = 0;
     |             ^^^^^^^^^^^^^^^^^^^^^^^
     |
     = help: maybe it is overwritten before being read?

warning: unused variable: `snapshot_lsn`
   --> src\table\lsm\mod.rs:525:9
    |
525 |         snapshot_lsn: LogSequenceNumber,
    |         ^^^^^^^^^^^^ help: if this is intentional, prefix it with an underscore: `_snapshot_lsn`

For more information about this error, try `rustc --explain E0782`.
warning: `nanokv` (lib) generated 14 warnings
error: could not compile `nanokv` (lib) due to 12 previous errors; 14 warnings emitted
